// Jest Snapshot v1, https://goo.gl/fbAQLP

exports[`PingController should match the snapshot #unit 1`] = `
PingController {
  "execute": [Function],
}
`;
